======================================================================
TAS-VANET Full Training Pipeline
======================================================================
  CV folds:  10 × 1 seeds = 10 total folds
  WOA (CV):  pop=10 gen=10 subsample=5000
  WOA (final): pop=20 gen=30
  SAE epochs (CV / final): 75 / 200

--- Loading data ---
Loading veremi_train_processed.csv ... 72,600 rows
Loading veremi_test_processed.csv  ... 15,429 rows
  Dropped 8 zero-variance features: ['acc_conf_x_curr', 'acc_conf_y_curr', 'head_conf_x_curr', 'head_conf_y_curr', 'pos_conf_x_curr', 'pos_conf_y_curr', 'spd_conf_x_curr', 'spd_conf_y_curr']
  Effective features: 14
Train: (72600, 14)  labels: [39485 33115]
Test : (15429, 14)   labels: [7828 7601]

--- Cross-Validation ---

[1/10] seed=0 fold=1 (train=65,340 val=7,260)
  TAS-VANET ... F1=0.9069  (39569s)
  SAE only  ... F1=0.8039  (90s)
  RF        ... F1=0.9195  (11s)
  SVM       ... F1=0.7958  (18s)
  MLP       ... F1=0.9153  (195s)
  Fold done in 39883s

[2/10] seed=0 fold=2 (train=65,340 val=7,260)
  TAS-VANET ... F1=0.9032  (976s)
  SAE only  ... F1=0.8043  (90s)
  RF        ... F1=0.9207  (7s)
  SVM       ... F1=0.7870  (18s)
  MLP       ... F1=0.9064  (149s)
  Fold done in 1240s

[3/10] seed=0 fold=3 (train=65,340 val=7,260)
  TAS-VANET ... F1=0.8822  (520s)
  SAE only  ... F1=0.8099  (60s)
  RF        ... F1=0.9131  (7s)
  SVM       ... F1=0.7875  (13s)
  MLP       ... F1=0.9049  (113s)
  Fold done in 712s

[4/10] seed=0 fold=4 (train=65,340 val=7,260)
  TAS-VANET ... F1=0.8673  (471s)
  SAE only  ... F1=0.7914  (62s)
  RF        ... F1=0.9124  (7s)
  SVM       ... F1=0.7792  (13s)
  MLP       ... F1=0.8866  (72s)
  Fold done in 625s

[5/10] seed=0 fold=5 (train=65,340 val=7,260)
  TAS-VANET ... F1=0.8987  (590s)
  SAE only  ... F1=0.7794  (59s)
  RF        ... F1=0.9119  (6s)
  SVM       ... F1=0.7801  (12s)
  MLP       ... F1=0.8965  (96s)
  Fold done in 763s

[6/10] seed=0 fold=6 (train=65,340 val=7,260)
  TAS-VANET ... F1=0.8936  (439s)
  SAE only  ... F1=0.7946  (58s)
  RF        ... F1=0.9188  (6s)
  SVM       ... F1=0.7817  (12s)
  MLP       ... F1=0.8988  (122s)
  Fold done in 637s

[7/10] seed=0 fold=7 (train=65,340 val=7,260)
  TAS-VANET ... F1=0.8914  (42286s)
  SAE only  ... F1=0.8061  (60s)
  RF        ... F1=0.9120  (6s)
  SVM       ... F1=0.7879  (12s)
  MLP       ... F1=0.8632  (24s)
  Fold done in 42389s

[8/10] seed=0 fold=8 (train=65,340 val=7,260)
  TAS-VANET ... F1=0.8842  (574s)
  SAE only  ... F1=0.8041  (61s)
  RF        ... F1=0.9199  (7s)
  SVM       ... F1=0.7823  (12s)
  MLP       ... F1=0.9045  (414s)
  Fold done in 1069s

[9/10] seed=0 fold=9 (train=65,340 val=7,260)
  TAS-VANET ... F1=0.9010  (1843s)
  SAE only  ... F1=0.8008  (66s)
  RF        ... F1=0.9160  (7s)
  SVM       ... F1=0.7861  (12s)
  MLP       ... F1=0.8831  (98s)
  Fold done in 2026s

[10/10] seed=0 fold=10 (train=65,340 val=7,260)
  TAS-VANET ... F1=0.8867  (537s)
  SAE only  ... F1=0.8087  (58s)
  RF        ... F1=0.9155  (6s)
  SVM       ... F1=0.7958  (12s)
  MLP       ... F1=0.8879  (49s)
  Fold done in 662s

CV complete in 1500.1 min
CV results saved to D:\turstproject\TAS-VANET\TAS-VANET\results\tables\cv_raw.csv

======================================================================
Final model: training on full train set
======================================================================

TAS-VANET (WOA + SAE) ...
  Gen  0: best_fitness=0.12419
  Gen  5: best_fitness=0.10797  mean=0.21171
  Gen 10: best_fitness=0.10797  mean=0.17226
  Gen 15: best_fitness=0.10371  mean=0.15820
  Gen 20: best_fitness=0.10371  mean=0.12407
  Gen 25: best_fitness=0.10295  mean=0.12403
  Gen 30: best_fitness=0.10275  mean=0.11193
Best hyperparams: {'h1_size': 117, 'h2_size': 8, 'learning_rate': 0.02021235406768911, 'sparsity_rho': 0.19062077586602222, 'sparsity_beta': 0.5882075610904892}
Training final SAE on 72,600 samples (200 epochs) ...
  Epoch   1/200: train_loss=0.84182  val_recon=0.02167  val_cls=0.48756
  Epoch  11/200: train_loss=0.52740  val_recon=0.00744  val_cls=0.47003
  Epoch  21/200: train_loss=0.48078  val_recon=0.00714  val_cls=0.40819
  Epoch  31/200: train_loss=0.43719  val_recon=0.00583  val_cls=0.36399
  Epoch  41/200: train_loss=0.40885  val_recon=0.00461  val_cls=0.34444
  Epoch  51/200: train_loss=0.39373  val_recon=0.00430  val_cls=0.34835
  Epoch  61/200: train_loss=0.38293  val_recon=0.00457  val_cls=0.43242
  Epoch  71/200: train_loss=0.37580  val_recon=0.00354  val_cls=0.32738
  Epoch  81/200: train_loss=0.36724  val_recon=0.00363  val_cls=0.33756
  Epoch  91/200: train_loss=0.35942  val_recon=0.00332  val_cls=0.31195
  Epoch 101/200: train_loss=0.35670  val_recon=0.00368  val_cls=0.36509
  Epoch 111/200: train_loss=0.35796  val_recon=0.00360  val_cls=0.31520
  Epoch 121/200: train_loss=0.35404  val_recon=0.00341  val_cls=0.35321
  Epoch 131/200: train_loss=0.34918  val_recon=0.00357  val_cls=0.31105
  Epoch 141/200: train_loss=0.34564  val_recon=0.00326  val_cls=0.31029
  Epoch 151/200: train_loss=0.34483  val_recon=0.00331  val_cls=0.30549
  Epoch 161/200: train_loss=0.34267  val_recon=0.00350  val_cls=0.34775
  Epoch 171/200: train_loss=0.34725  val_recon=0.00360  val_cls=0.33297
  Epoch 181/200: train_loss=0.34277  val_recon=0.00328  val_cls=0.30864
  Epoch 191/200: train_loss=0.34175  val_recon=0.00342  val_cls=0.30998
  Epoch 200/200: train_loss=0.33761  val_recon=0.00344  val_cls=0.29712

SAE only (fixed hyperparameters) ...

Random Forest ...

SVM (RBF) ...

MLP ...

Per-attack-type breakdown (TAS-VANET, held-out test) ...
  attack  1: F1=0.4706  n=8,013
  attack  2: F1=0.0268  n=8,017
  attack  3: F1=0.4717  n=8,008
  attack  4: F1=0.3681  n=7,991
  attack  5: F1=0.4581  n=8,007
  attack  6: F1=0.4309  n=8,007
  attack  7: F1=0.4496  n=7,997
  attack  8: F1=0.4388  n=8,008
  attack  9: F1=0.3754  n=7,995
  attack 10: F1=0.4628  n=8,006
  attack 11: F1=0.3662  n=8,017
  attack 12: F1=0.2920  n=8,013
  attack 13: F1=0.5406  n=9,369
  attack 14: F1=0.8829  n=9,340
  attack 15: F1=0.8695  n=9,295
  attack 16: F1=0.6965  n=8,723
  attack 17: F1=0.1085  n=7,864
  attack 19: F1=0.0243  n=7,835

--- Statistical Tests ---

--- Saving Results ---

Saved: D:\turstproject\TAS-VANET\TAS-VANET\results\tables\cv_raw.csv
Saved: D:\turstproject\TAS-VANET\TAS-VANET\results\tables\summary.csv
Saved: D:\turstproject\TAS-VANET\TAS-VANET\results\tables\stats.csv
Saved: D:\turstproject\TAS-VANET\TAS-VANET\results\tables\final_test.csv
Saved: D:\turstproject\TAS-VANET\TAS-VANET\results\tables\per_attack.csv
Saved: D:\turstproject\TAS-VANET\TAS-VANET\results\models\final_tas_vanet/
Saved: D:\turstproject\TAS-VANET\TAS-VANET\results\models\norm_params.json
Saved: D:\turstproject\TAS-VANET\TAS-VANET\results\models\woa_history.json
Saved: D:\turstproject\TAS-VANET\TAS-VANET\results\tables\table_latex.tex

======================================================================
CROSS-VALIDATION SUMMARY  (mean ± std over all folds)
======================================================================
Method                         Precision    Recall        F1       AUC
----------------------------------------------------------------------
  TAS-VANET (SAE+WOA)         0.9501±0.0214  0.8404±0.0214  0.8915±0.0113  0.9429±0.0056
  SAE only (no WOA)           0.9200±0.0076  0.7084±0.0144  0.8003±0.0089  0.8867±0.0047
  Random Forest               0.9749±0.0034  0.8638±0.0053  0.9160±0.0034  0.9540±0.0020
  SVM (RBF)                   0.9353±0.0089  0.6783±0.0066  0.7863±0.0056  0.8746±0.0053
  MLP                         0.9506±0.0153  0.8452±0.0174  0.8947±0.0142  0.9441±0.0072

======================================================================
HELD-OUT TEST SET RESULTS
======================================================================
  TAS-VANET (SAE+WOA)         P=0.9383  R=0.7996  F1=0.8634  AUC=0.9347
  SAE only (no WOA)           P=0.9017  R=0.6543  F1=0.7583  AUC=0.8810
  Random Forest               P=0.9792  R=0.7725  F1=0.8637  AUC=0.9137
  SVM (RBF)                   P=0.9668  R=0.5979  F1=0.7389  AUC=0.8633
  MLP                         P=0.9429  R=0.7685  F1=0.8468  AUC=0.9240

======================================================================
STATISTICAL TESTS  (TAS-VANET vs each baseline, Wilcoxon one-sided)
======================================================================
  vs SAE only (no WOA)           p=0.0010 ***  d=+6.039
  vs Random Forest               p=1.0000 ns   d=-2.279
  vs SVM (RBF)                   p=0.0010 ***  d=+9.529
  vs MLP                         p=0.8389 ns   d=-0.194

======================================================================
Done. Next step: python scripts/06_generate_figures.py
======================================================================
